%!Adobe-FontList 1.24
%Locale:0x409

%BeginFont
Handler:DirectoryHandler
FontType:Type1
FontName:GraphikTrial-Medium
FamilyName:Graphik Trial
StyleName:Medium
FullName:GraphikTrial-Medium
MenuName:Graphik Medium Trial
StyleBits:0
WritingScript:Roman
OutlineFileName:C:\Users\spichoto\Cliffco Mortgage Bank\FILESHARE - MARKETING\1. Creative\5. Rebrand\Clout WMB\Brand Guide\Document fonts\Graphik-Medium-Trial.otf
DataFormat:sfntData
UsesStandardEncoding:yes
isCFF:yes
hasSVG:no
hasCOLR:no
VariableFontType:NonVariableFont
FileLength:74092
FileModTime:1708727443
WeightClass:500
WidthClass:5
AngleClass:0
NameArray:0,Mac,4,GraphikTrial-Medium
NameArray:0,Win,1,Graphik Medium Trial
NameArray:0,Win,16,Graphik Trial
%EndFont

%BeginFont
Handler:DirectoryHandler
FontType:Type1
FontName:GraphikTrial-Regular
FamilyName:Graphik Trial
StyleName:Regular
FullName:GraphikTrial-Regular
MenuName:Graphik Regular Trial
StyleBits:0
WritingScript:Roman
OutlineFileName:C:\Users\spichoto\Cliffco Mortgage Bank\FILESHARE - MARKETING\1. Creative\5. Rebrand\Clout WMB\Brand Guide\Document fonts\Graphik-Regular-Trial.otf
DataFormat:sfntData
UsesStandardEncoding:yes
isCFF:yes
hasSVG:no
hasCOLR:no
VariableFontType:NonVariableFont
FileLength:73228
FileModTime:1708727443
WeightClass:400
WidthClass:5
AngleClass:0
NameArray:0,Mac,4,GraphikTrial-Regular
NameArray:0,Win,1,Graphik Regular Trial
NameArray:0,Win,16,Graphik Trial
%EndFont

%BeginFont
Handler:DirectoryHandler
FontType:TrueType
FontName:Grift-Bold
FamilyName:Grift
StyleName:Bold
FullName:Grift Bold
MenuName:Grift
StyleBits:2
WritingScript:Roman
OutlineFileName:C:\Users\spichoto\Cliffco Mortgage Bank\FILESHARE - MARKETING\1. Creative\5. Rebrand\Clout WMB\Brand Guide\Document fonts\Grift-Bold.ttf
DataFormat:sfntData
hasSVG:no
hasCOLR:no
VariableFontType:NonVariableFont
FileLength:69904
FileModTime:1778269112
WeightClass:700
WidthClass:5
AngleClass:0
NameArray:0,Mac,4,Grift Bold
NameArray:0,Win,1,Grift
%EndFont

%BeginFont
Handler:DirectoryHandler
FontType:TrueType
FontName:Grift-Light
FamilyName:Grift
StyleName:Light
FullName:Grift Light
MenuName:Grift Light
StyleBits:0
WritingScript:Roman
OutlineFileName:C:\Users\spichoto\Cliffco Mortgage Bank\FILESHARE - MARKETING\1. Creative\5. Rebrand\Clout WMB\Brand Guide\Document fonts\Grift-Light.ttf
DataFormat:sfntData
hasSVG:no
hasCOLR:no
VariableFontType:NonVariableFont
FileLength:69936
FileModTime:1778269111
WeightClass:300
WidthClass:5
AngleClass:0
NameArray:0,Mac,4,Grift Light
NameArray:0,Win,1,Grift Light
NameArray:0,Win,16,Grift
%EndFont

%BeginFont
Handler:DirectoryHandler
FontType:TrueType
FontName:Grift-Medium
FamilyName:Grift
StyleName:Medium
FullName:Grift Medium
MenuName:Grift Med
StyleBits:0
WritingScript:Roman
OutlineFileName:C:\Users\spichoto\Cliffco Mortgage Bank\FILESHARE - MARKETING\1. Creative\5. Rebrand\Clout WMB\Brand Guide\Document fonts\Grift-Medium.ttf
DataFormat:sfntData
hasSVG:no
hasCOLR:no
VariableFontType:NonVariableFont
FileLength:69968
FileModTime:1778269111
WeightClass:500
WidthClass:5
AngleClass:0
NameArray:0,Mac,4,Grift Medium
NameArray:0,Win,1,Grift Med
NameArray:0,Win,16,Grift
%EndFont

%BeginFont
Handler:DirectoryHandler
FontType:TrueType
FontName:Grift-MediumItalic
FamilyName:Grift
StyleName:Medium Italic
FullName:Grift Medium Italic
MenuName:Grift Med Ita
StyleBits:1
WritingScript:Roman
OutlineFileName:C:\Users\spichoto\Cliffco Mortgage Bank\FILESHARE - MARKETING\1. Creative\5. Rebrand\Clout WMB\Brand Guide\Document fonts\Grift-MediumItalic.ttf
DataFormat:sfntData
hasSVG:no
hasCOLR:no
VariableFontType:NonVariableFont
FileLength:66128
FileModTime:1778269112
WeightClass:500
WidthClass:5
AngleClass:1
NameArray:0,Mac,4,Grift Medium Italic
NameArray:0,Win,1,Grift Med Ita
NameArray:0,Win,16,Grift
%EndFont

%BeginFont
Handler:DirectoryHandler
FontType:TrueType
FontName:Grift-Regular
FamilyName:Grift
StyleName:Regular
FullName:Grift Regular
MenuName:Grift
StyleBits:0
WritingScript:Roman
OutlineFileName:C:\Users\spichoto\Cliffco Mortgage Bank\FILESHARE - MARKETING\1. Creative\5. Rebrand\Clout WMB\Brand Guide\Document fonts\Grift-Regular.ttf
DataFormat:sfntData
hasSVG:no
hasCOLR:no
VariableFontType:NonVariableFont
FileLength:69808
FileModTime:1778269112
WeightClass:400
WidthClass:5
AngleClass:0
NameArray:0,Mac,4,Grift Regular
NameArray:0,Win,1,Grift
%EndFont

%BeginFont
Handler:DirectoryHandler
FontType:Type1
FontName:Jitzu-Black
FamilyName:Jitzu
StyleName:Black
FullName:Jitzu Black
MenuName:Jitzu
StyleBits:0
WritingScript:Roman
OutlineFileName:C:\Users\spichoto\Cliffco Mortgage Bank\FILESHARE - MARKETING\1. Creative\5. Rebrand\Clout WMB\Brand Guide\Document fonts\Jitzu Black.otf
DataFormat:sfntData
UsesStandardEncoding:yes
isCFF:yes
hasSVG:no
hasCOLR:no
VariableFontType:NonVariableFont
FileLength:141900
FileModTime:1778531594
WeightClass:900
WidthClass:5
AngleClass:0
NameArray:0,Mac,18,Jitzu Black
NameArray:0,Mac,4,Jitzu Black
NameArray:0,Win,1,Jitzu
%EndFont

%BeginFont
Handler:DirectoryHandler
FontType:Type1
FontName:Jitzu-Bold
FamilyName:Jitzu
StyleName:Bold
FullName:Jitzu Bold
MenuName:Jitzu
StyleBits:0
WritingScript:Roman
OutlineFileName:C:\Users\spichoto\Cliffco Mortgage Bank\FILESHARE - MARKETING\1. Creative\5. Rebrand\Clout WMB\Brand Guide\Document fonts\Jitzu Bold.otf
DataFormat:sfntData
UsesStandardEncoding:yes
isCFF:yes
hasSVG:no
hasCOLR:no
VariableFontType:NonVariableFont
FileLength:143712
FileModTime:1778531594
WeightClass:700
WidthClass:5
AngleClass:0
NameArray:0,Mac,18,Jitzu Bold
NameArray:0,Mac,4,Jitzu Bold
NameArray:0,Win,1,Jitzu
%EndFont

%BeginFont
Handler:DirectoryHandler
FontType:Type1
FontName:Jitzu-Display
FamilyName:Jitzu
StyleName:Display
FullName:Jitzu Display
MenuName:Jitzu
StyleBits:0
WritingScript:Roman
OutlineFileName:C:\Users\spichoto\Cliffco Mortgage Bank\FILESHARE - MARKETING\1. Creative\5. Rebrand\Clout WMB\Brand Guide\Document fonts\Jitzu Display.otf
DataFormat:sfntData
UsesStandardEncoding:yes
isCFF:yes
hasSVG:no
hasCOLR:no
VariableFontType:NonVariableFont
FileLength:142408
FileModTime:1778531594
WeightClass:600
WidthClass:5
AngleClass:0
NameArray:0,Mac,18,Jitzu Display
NameArray:0,Mac,4,Jitzu Display
NameArray:0,Win,1,Jitzu
%EndFont

%BeginFont
Handler:DirectoryHandler
FontType:Type1
FontName:Jitzu-Medium
FamilyName:Jitzu
StyleName:Medium
FullName:Jitzu Medium
MenuName:Jitzu
StyleBits:0
WritingScript:Roman
OutlineFileName:C:\Users\spichoto\Cliffco Mortgage Bank\FILESHARE - MARKETING\1. Creative\5. Rebrand\Clout WMB\Brand Guide\Document fonts\Jitzu Medium.otf
DataFormat:sfntData
UsesStandardEncoding:yes
isCFF:yes
hasSVG:no
hasCOLR:no
VariableFontType:NonVariableFont
FileLength:141836
FileModTime:1778531594
WeightClass:500
WidthClass:5
AngleClass:0
NameArray:0,Mac,18,Jitzu Medium
NameArray:0,Mac,4,Jitzu Medium
NameArray:0,Win,1,Jitzu
%EndFont

%BeginFont
Handler:DirectoryHandler
FontType:Type1
FontName:Jitzu-Regular
FamilyName:Jitzu
StyleName:Regular
FullName:Jitzu Regular
MenuName:Jitzu
StyleBits:0
WritingScript:Roman
OutlineFileName:C:\Users\spichoto\Cliffco Mortgage Bank\FILESHARE - MARKETING\1. Creative\5. Rebrand\Clout WMB\Brand Guide\Document fonts\Jitzu Regular.otf
DataFormat:sfntData
UsesStandardEncoding:yes
isCFF:yes
hasSVG:no
hasCOLR:no
VariableFontType:NonVariableFont
FileLength:142804
FileModTime:1778531594
WeightClass:400
WidthClass:5
AngleClass:0
NameArray:0,Mac,18,Jitzu Regular
NameArray:0,Mac,4,Jitzu Regular
NameArray:0,Win,1,Jitzu
%EndFont

